// Jest Snapshot v1, https://goo.gl/fbAQLP

exports[`renders 1`] = `
<DocumentFragment>
  <header
    class="sc-AykKC kGliGO bg-cover text-center relative pt-16 pb-24 lg:max-w-8xl lg:mx-auto"
  >
    <div
      class="Content"
      style="direction: ltr;"
    >
      Header
    </div>
  </header>
</DocumentFragment>
`;
